// Jest Snapshot v1, https://goo.gl/fbAQLP

exports[`GithubViewer renders correctly 1`] = `
<DocumentFragment>
  <div
    class="css-196mz4z"
    color="green"
  >
    <a
      href="test"
      rel="noopener noreferrer"
      target="_blank"
    >
      <span
        class="css-15zdi7v"
        color="green"
      >
        lshadler.github.io
      </span>
    </a>
    <div
      class="css-16dlxrf"
    >
      a site
    </div>
    <a
      class="css-o84qlk"
      color="green"
      href="test-homepage"
    >
      View on Github Pages
    </a>
    <div
      class="css-uk1q65"
    >
      java
    </div>
  </div>
</DocumentFragment>
`;
